1774876132.287132 client started (66182): version 3.6a, socket /tmp/tmux-1000/default, protocol 8
1774876132.287184 on Linux 6.19.9-arch1-1 #1 SMP PREEMPT_DYNAMIC Thu, 19 Mar 2026 16:33:17 +0000
1774876132.287190 using libevent 2.1.12-stable poll
1774876132.287193 using ncurses 6.5 20240427
1774876132.287215 flags are 0x10010000
1774876132.287232 socket is /tmp/tmux-1000/default
1774876132.287246 trying connect
1774876132.287294 add peer 0x561491801130: 6 ((nil))
1774876132.287742 sending message 111 to peer 0x561491801130 (8 bytes)
1774876132.287750 sending message 111 to peer 0x561491801130 (8 bytes)
1774876132.287754 sending message 101 to peer 0x561491801130 (14 bytes)
1774876132.287757 sending message 109 to peer 0x561491801130 (4 bytes)
1774876132.287760 sending message 102 to peer 0x561491801130 (12 bytes)
1774876132.287763 sending message 108 to peer 0x561491801130 (46 bytes)
1774876132.287767 sending message 112 to peer 0x561491801130 (70 bytes)
1774876132.287770 sending message 112 to peer 0x561491801130 (5 bytes)
1774876132.287773 sending message 112 to peer 0x561491801130 (5 bytes)
1774876132.287776 sending message 112 to peer 0x561491801130 (6 bytes)
1774876132.287779 sending message 112 to peer 0x561491801130 (6 bytes)
1774876132.287782 sending message 112 to peer 0x561491801130 (11 bytes)
1774876132.287785 sending message 112 to peer 0x561491801130 (10 bytes)
1774876132.287788 sending message 112 to peer 0x561491801130 (13 bytes)
1774876132.287791 sending message 112 to peer 0x561491801130 (13 bytes)
1774876132.287793 sending message 112 to peer 0x561491801130 (18 bytes)
1774876132.287796 sending message 112 to peer 0x561491801130 (11 bytes)
1774876132.287799 sending message 112 to peer 0x561491801130 (10 bytes)
1774876132.287802 sending message 112 to peer 0x561491801130 (15 bytes)
1774876132.287805 sending message 112 to peer 0x561491801130 (21 bytes)
1774876132.287821 sending message 112 to peer 0x561491801130 (13 bytes)
1774876132.287827 sending message 112 to peer 0x561491801130 (7 bytes)
1774876132.287830 sending message 112 to peer 0x561491801130 (13 bytes)
1774876132.287833 sending message 112 to peer 0x561491801130 (7 bytes)
1774876132.287836 sending message 112 to peer 0x561491801130 (13 bytes)
1774876132.287839 sending message 112 to peer 0x561491801130 (9 bytes)
1774876132.287841 sending message 112 to peer 0x561491801130 (21 bytes)
1774876132.287844 sending message 112 to peer 0x561491801130 (13 bytes)
1774876132.287848 sending message 112 to peer 0x561491801130 (8 bytes)
1774876132.287851 sending message 112 to peer 0x561491801130 (12 bytes)
1774876132.287853 sending message 112 to peer 0x561491801130 (13 bytes)
1774876132.287856 sending message 112 to peer 0x561491801130 (9 bytes)
1774876132.287859 sending message 112 to peer 0x561491801130 (9 bytes)
1774876132.287862 sending message 112 to peer 0x561491801130 (12 bytes)
1774876132.287866 sending message 112 to peer 0x561491801130 (8 bytes)
1774876132.287869 sending message 112 to peer 0x561491801130 (8 bytes)
1774876132.287871 sending message 112 to peer 0x561491801130 (7 bytes)
1774876132.287874 sending message 112 to peer 0x561491801130 (7 bytes)
1774876132.287877 sending message 112 to peer 0x561491801130 (9 bytes)
1774876132.287881 sending message 112 to peer 0x561491801130 (13 bytes)
1774876132.287884 sending message 112 to peer 0x561491801130 (6 bytes)
1774876132.287886 sending message 112 to peer 0x561491801130 (9 bytes)
1774876132.287889 sending message 112 to peer 0x561491801130 (15 bytes)
1774876132.287892 sending message 112 to peer 0x561491801130 (13 bytes)
1774876132.287896 sending message 112 to peer 0x561491801130 (12 bytes)
1774876132.287899 sending message 112 to peer 0x561491801130 (8 bytes)
1774876132.287902 sending message 112 to peer 0x561491801130 (14 bytes)
1774876132.287904 sending message 112 to peer 0x561491801130 (11 bytes)
1774876132.287907 sending message 112 to peer 0x561491801130 (9 bytes)
1774876132.287910 sending message 112 to peer 0x561491801130 (10 bytes)
1774876132.287913 sending message 112 to peer 0x561491801130 (10 bytes)
1774876132.287939 sending message 112 to peer 0x561491801130 (10 bytes)
1774876132.287945 sending message 112 to peer 0x561491801130 (10 bytes)
1774876132.287949 sending message 112 to peer 0x561491801130 (11 bytes)
1774876132.287952 sending message 112 to peer 0x561491801130 (12 bytes)
1774876132.287955 sending message 112 to peer 0x561491801130 (12 bytes)
1774876132.287958 sending message 112 to peer 0x561491801130 (12 bytes)
1774876132.287961 sending message 112 to peer 0x561491801130 (12 bytes)
1774876132.287963 sending message 112 to peer 0x561491801130 (12 bytes)
1774876132.287967 sending message 112 to peer 0x561491801130 (11 bytes)
1774876132.287970 sending message 112 to peer 0x561491801130 (11 bytes)
1774876132.287973 sending message 112 to peer 0x561491801130 (12 bytes)
1774876132.287975 sending message 112 to peer 0x561491801130 (12 bytes)
1774876132.287978 sending message 112 to peer 0x561491801130 (12 bytes)
1774876132.287981 sending message 112 to peer 0x561491801130 (12 bytes)
1774876132.287984 sending message 112 to peer 0x561491801130 (12 bytes)
1774876132.287987 sending message 112 to peer 0x561491801130 (10 bytes)
1774876132.287990 sending message 112 to peer 0x561491801130 (12 bytes)
1774876132.287993 sending message 112 to peer 0x561491801130 (13 bytes)
1774876132.287996 sending message 112 to peer 0x561491801130 (13 bytes)
1774876132.287998 sending message 112 to peer 0x561491801130 (13 bytes)
1774876132.288001 sending message 112 to peer 0x561491801130 (13 bytes)
1774876132.288004 sending message 112 to peer 0x561491801130 (13 bytes)
1774876132.288008 sending message 112 to peer 0x561491801130 (8 bytes)
1774876132.288011 sending message 112 to peer 0x561491801130 (11 bytes)
1774876132.288014 sending message 112 to peer 0x561491801130 (11 bytes)
1774876132.288017 sending message 112 to peer 0x561491801130 (11 bytes)
1774876132.288019 sending message 112 to peer 0x561491801130 (12 bytes)
1774876132.288022 sending message 112 to peer 0x561491801130 (12 bytes)
1774876132.288025 sending message 112 to peer 0x561491801130 (12 bytes)
1774876132.288028 sending message 112 to peer 0x561491801130 (12 bytes)
1774876132.288031 sending message 112 to peer 0x561491801130 (13 bytes)
1774876132.288034 sending message 112 to peer 0x561491801130 (13 bytes)
1774876132.288037 sending message 112 to peer 0x561491801130 (13 bytes)
1774876132.288040 sending message 112 to peer 0x561491801130 (8 bytes)
1774876132.288043 sending message 112 to peer 0x561491801130 (13 bytes)
1774876132.288046 sending message 112 to peer 0x561491801130 (13 bytes)
1774876132.288048 sending message 112 to peer 0x561491801130 (13 bytes)
1774876132.288051 sending message 112 to peer 0x561491801130 (13 bytes)
1774876132.288054 sending message 112 to peer 0x561491801130 (13 bytes)
1774876132.288057 sending message 112 to peer 0x561491801130 (12 bytes)
1774876132.288060 sending message 112 to peer 0x561491801130 (12 bytes)
1774876132.288063 sending message 112 to peer 0x561491801130 (12 bytes)
1774876132.288066 sending message 112 to peer 0x561491801130 (12 bytes)
1774876132.288069 sending message 112 to peer 0x561491801130 (13 bytes)
1774876132.288072 sending message 112 to peer 0x561491801130 (8 bytes)
1774876132.288075 sending message 112 to peer 0x561491801130 (13 bytes)
1774876132.288077 sending message 112 to peer 0x561491801130 (13 bytes)
1774876132.288080 sending message 112 to peer 0x561491801130 (13 bytes)
1774876132.288083 sending message 112 to peer 0x561491801130 (13 bytes)
1774876132.288086 sending message 112 to peer 0x561491801130 (13 bytes)
1774876132.288089 sending message 112 to peer 0x561491801130 (13 bytes)
1774876132.288092 sending message 112 to peer 0x561491801130 (13 bytes)
1774876132.288095 sending message 112 to peer 0x561491801130 (12 bytes)
1774876132.288098 sending message 112 to peer 0x561491801130 (12 bytes)
1774876132.288101 sending message 112 to peer 0x561491801130 (12 bytes)
1774876132.288104 sending message 112 to peer 0x561491801130 (8 bytes)
1774876132.288106 sending message 112 to peer 0x561491801130 (12 bytes)
1774876132.288112 sending message 112 to peer 0x561491801130 (13 bytes)
1774876132.288115 sending message 112 to peer 0x561491801130 (13 bytes)
1774876132.288118 sending message 112 to peer 0x561491801130 (13 bytes)
1774876132.288121 sending message 112 to peer 0x561491801130 (13 bytes)
1774876132.288124 sending message 112 to peer 0x561491801130 (13 bytes)
1774876132.288127 sending message 112 to peer 0x561491801130 (13 bytes)
1774876132.288130 sending message 112 to peer 0x561491801130 (13 bytes)
1774876132.288133 sending message 112 to peer 0x561491801130 (13 bytes)
1774876132.288136 sending message 112 to peer 0x561491801130 (12 bytes)
1774876132.288139 sending message 112 to peer 0x561491801130 (10 bytes)
1774876132.288142 sending message 112 to peer 0x561491801130 (12 bytes)
1774876132.288145 sending message 112 to peer 0x561491801130 (12 bytes)
1774876132.288147 sending message 112 to peer 0x561491801130 (12 bytes)
1774876132.288150 sending message 112 to peer 0x561491801130 (13 bytes)
1774876132.288153 sending message 112 to peer 0x561491801130 (13 bytes)
1774876132.288156 sending message 112 to peer 0x561491801130 (13 bytes)
1774876132.288158 sending message 112 to peer 0x561491801130 (13 bytes)
1774876132.288162 sending message 112 to peer 0x561491801130 (13 bytes)
1774876132.288165 sending message 112 to peer 0x561491801130 (13 bytes)
1774876132.288168 sending message 112 to peer 0x561491801130 (13 bytes)
1774876132.288171 sending message 112 to peer 0x561491801130 (10 bytes)
1774876132.288174 sending message 112 to peer 0x561491801130 (13 bytes)
1774876132.288177 sending message 112 to peer 0x561491801130 (12 bytes)
1774876132.288179 sending message 112 to peer 0x561491801130 (12 bytes)
1774876132.288182 sending message 112 to peer 0x561491801130 (12 bytes)
1774876132.288185 sending message 112 to peer 0x561491801130 (10 bytes)
1774876132.288188 sending message 112 to peer 0x561491801130 (10 bytes)
1774876132.288191 sending message 112 to peer 0x561491801130 (10 bytes)
1774876132.288193 sending message 112 to peer 0x561491801130 (12 bytes)
1774876132.288196 sending message 112 to peer 0x561491801130 (13 bytes)
1774876132.288199 sending message 112 to peer 0x561491801130 (13 bytes)
1774876132.288202 sending message 112 to peer 0x561491801130 (13 bytes)
1774876132.288205 sending message 112 to peer 0x561491801130 (13 bytes)
1774876132.288209 sending message 112 to peer 0x561491801130 (13 bytes)
1774876132.288212 sending message 112 to peer 0x561491801130 (11 bytes)
1774876132.288215 sending message 112 to peer 0x561491801130 (11 bytes)
1774876132.288217 sending message 112 to peer 0x561491801130 (12 bytes)
1774876132.288220 sending message 112 to peer 0x561491801130 (12 bytes)
1774876132.288223 sending message 112 to peer 0x561491801130 (12 bytes)
1774876132.288226 sending message 112 to peer 0x561491801130 (12 bytes)
1774876132.288228 sending message 112 to peer 0x561491801130 (12 bytes)
1774876132.288231 sending message 112 to peer 0x561491801130 (11 bytes)
1774876132.288234 sending message 112 to peer 0x561491801130 (12 bytes)
1774876132.288237 sending message 112 to peer 0x561491801130 (12 bytes)
1774876132.288240 sending message 112 to peer 0x561491801130 (13 bytes)
1774876132.288242 sending message 112 to peer 0x561491801130 (13 bytes)
1774876132.288245 sending message 112 to peer 0x561491801130 (13 bytes)
1774876132.288248 sending message 112 to peer 0x561491801130 (13 bytes)
1774876132.288251 sending message 112 to peer 0x561491801130 (13 bytes)
1774876132.288254 sending message 112 to peer 0x561491801130 (10 bytes)
1774876132.288257 sending message 112 to peer 0x561491801130 (9 bytes)
1774876132.288260 sending message 112 to peer 0x561491801130 (12 bytes)
1774876132.288263 sending message 112 to peer 0x561491801130 (13 bytes)
1774876132.288266 sending message 112 to peer 0x561491801130 (13 bytes)
1774876132.288268 sending message 112 to peer 0x561491801130 (13 bytes)
1774876132.288271 sending message 112 to peer 0x561491801130 (13 bytes)
1774876132.288274 sending message 112 to peer 0x561491801130 (13 bytes)
1774876132.288280 sending message 112 to peer 0x561491801130 (9 bytes)
1774876132.288282 sending message 112 to peer 0x561491801130 (12 bytes)
1774876132.288285 sending message 112 to peer 0x561491801130 (13 bytes)
1774876132.288288 sending message 112 to peer 0x561491801130 (13 bytes)
1774876132.288291 sending message 112 to peer 0x561491801130 (13 bytes)
1774876132.288294 sending message 112 to peer 0x561491801130 (13 bytes)
1774876132.288297 sending message 112 to peer 0x561491801130 (13 bytes)
1774876132.288300 sending message 112 to peer 0x561491801130 (11 bytes)
1774876132.288303 sending message 112 to peer 0x561491801130 (12 bytes)
1774876132.288306 sending message 112 to peer 0x561491801130 (13 bytes)
1774876132.288308 sending message 112 to peer 0x561491801130 (13 bytes)
1774876132.288311 sending message 112 to peer 0x561491801130 (13 bytes)
1774876132.288314 sending message 112 to peer 0x561491801130 (13 bytes)
1774876132.288316 sending message 112 to peer 0x561491801130 (13 bytes)
1774876132.288319 sending message 112 to peer 0x561491801130 (11 bytes)
1774876132.288322 sending message 112 to peer 0x561491801130 (12 bytes)
1774876132.288325 sending message 112 to peer 0x561491801130 (12 bytes)
1774876132.288327 sending message 112 to peer 0x561491801130 (12 bytes)
1774876132.288330 sending message 112 to peer 0x561491801130 (12 bytes)
1774876132.288333 sending message 112 to peer 0x561491801130 (12 bytes)
1774876132.288336 sending message 112 to peer 0x561491801130 (21 bytes)
1774876132.288338 sending message 112 to peer 0x561491801130 (12 bytes)
1774876132.288341 sending message 112 to peer 0x561491801130 (9 bytes)
1774876132.288344 sending message 112 to peer 0x561491801130 (6 bytes)
1774876132.288348 sending message 112 to peer 0x561491801130 (13 bytes)
1774876132.288351 sending message 112 to peer 0x561491801130 (8 bytes)
1774876132.288354 sending message 112 to peer 0x561491801130 (15 bytes)
1774876132.288356 sending message 112 to peer 0x561491801130 (13 bytes)
1774876132.288359 sending message 112 to peer 0x561491801130 (9 bytes)
1774876132.288362 sending message 112 to peer 0x561491801130 (70 bytes)
1774876132.288365 sending message 112 to peer 0x561491801130 (69 bytes)
1774876132.288368 sending message 112 to peer 0x561491801130 (10 bytes)
1774876132.288371 sending message 112 to peer 0x561491801130 (10 bytes)
1774876132.288374 sending message 112 to peer 0x561491801130 (8 bytes)
1774876132.288376 sending message 112 to peer 0x561491801130 (15 bytes)
1774876132.288379 sending message 112 to peer 0x561491801130 (13 bytes)
1774876132.288382 sending message 112 to peer 0x561491801130 (10 bytes)
1774876132.288384 sending message 112 to peer 0x561491801130 (10 bytes)
1774876132.288387 sending message 112 to peer 0x561491801130 (17 bytes)
1774876132.288390 sending message 112 to peer 0x561491801130 (10 bytes)
1774876132.288393 sending message 112 to peer 0x561491801130 (13 bytes)
1774876132.288396 sending message 112 to peer 0x561491801130 (9 bytes)
1774876132.288399 sending message 112 to peer 0x561491801130 (5 bytes)
1774876132.288401 sending message 112 to peer 0x561491801130 (15 bytes)
1774876132.288406 sending message 104 to peer 0x561491801130 (0 bytes)
1774876132.288410 sending message 110 to peer 0x561491801130 (0 bytes)
1774876132.288414 sending message 107 to peer 0x561491801130 (4 bytes)
1774876132.288417 sending message 105 to peer 0x561491801130 (20 bytes)
1774876132.288420 sending message 105 to peer 0x561491801130 (20 bytes)
1774876132.288423 sending message 105 to peer 0x561491801130 (38 bytes)
1774876132.288426 sending message 105 to peer 0x561491801130 (58 bytes)
1774876132.288429 sending message 105 to peer 0x561491801130 (26 bytes)
1774876132.288432 sending message 105 to peer 0x561491801130 (25 bytes)
1774876132.288434 sending message 105 to peer 0x561491801130 (20 bytes)
1774876132.288437 sending message 105 to peer 0x561491801130 (37 bytes)
1774876132.288440 sending message 105 to peer 0x561491801130 (38 bytes)
1774876132.288443 sending message 105 to peer 0x561491801130 (63 bytes)
1774876132.288449 sending message 105 to peer 0x561491801130 (25 bytes)
1774876132.288452 sending message 105 to peer 0x561491801130 (25 bytes)
1774876132.288455 sending message 105 to peer 0x561491801130 (14 bytes)
1774876132.288457 sending message 105 to peer 0x561491801130 (16 bytes)
1774876132.288460 sending message 105 to peer 0x561491801130 (27 bytes)
1774876132.288463 sending message 105 to peer 0x561491801130 (15 bytes)
1774876132.288467 sending message 105 to peer 0x561491801130 (25 bytes)
1774876132.288470 sending message 105 to peer 0x561491801130 (50 bytes)
1774876132.288473 sending message 105 to peer 0x561491801130 (29 bytes)
1774876132.288476 sending message 105 to peer 0x561491801130 (18 bytes)
1774876132.288479 sending message 105 to peer 0x561491801130 (27 bytes)
1774876132.288482 sending message 105 to peer 0x561491801130 (25 bytes)
1774876132.288485 sending message 105 to peer 0x561491801130 (60 bytes)
1774876132.288488 sending message 105 to peer 0x561491801130 (15 bytes)
1774876132.288491 sending message 105 to peer 0x561491801130 (21 bytes)
1774876132.288494 sending message 105 to peer 0x561491801130 (46 bytes)
1774876132.288497 sending message 105 to peer 0x561491801130 (17 bytes)
1774876132.288500 sending message 105 to peer 0x561491801130 (30 bytes)
1774876132.288503 sending message 105 to peer 0x561491801130 (29 bytes)
1774876132.288505 sending message 105 to peer 0x561491801130 (20 bytes)
1774876132.288508 sending message 105 to peer 0x561491801130 (26 bytes)
1774876132.288511 sending message 105 to peer 0x561491801130 (18 bytes)
1774876132.288514 sending message 105 to peer 0x561491801130 (52 bytes)
1774876132.288517 sending message 105 to peer 0x561491801130 (38 bytes)
1774876132.288520 sending message 105 to peer 0x561491801130 (28 bytes)
1774876132.288523 sending message 105 to peer 0x561491801130 (29 bytes)
1774876132.288525 sending message 105 to peer 0x561491801130 (19 bytes)
1774876132.288529 sending message 105 to peer 0x561491801130 (23 bytes)
1774876132.288532 sending message 105 to peer 0x561491801130 (33 bytes)
1774876132.288535 sending message 105 to peer 0x561491801130 (19 bytes)
1774876132.288538 sending message 105 to peer 0x561491801130 (15 bytes)
1774876132.288541 sending message 105 to peer 0x561491801130 (24 bytes)
1774876132.288544 sending message 105 to peer 0x561491801130 (14 bytes)
1774876132.288547 sending message 105 to peer 0x561491801130 (91 bytes)
1774876132.288550 sending message 105 to peer 0x561491801130 (11 bytes)
1774876132.288553 sending message 105 to peer 0x561491801130 (8 bytes)
1774876132.288556 sending message 105 to peer 0x561491801130 (56 bytes)
1774876132.288558 sending message 105 to peer 0x561491801130 (14 bytes)
1774876132.288561 sending message 105 to peer 0x561491801130 (21 bytes)
1774876132.288564 sending message 105 to peer 0x561491801130 (11 bytes)
1774876132.288567 sending message 105 to peer 0x561491801130 (17 bytes)
1774876132.288569 sending message 105 to peer 0x561491801130 (31 bytes)
1774876132.288572 sending message 105 to peer 0x561491801130 (50 bytes)
1774876132.288575 sending message 105 to peer 0x561491801130 (30 bytes)
1774876132.288578 sending message 105 to peer 0x561491801130 (147 bytes)
1774876132.288581 sending message 105 to peer 0x561491801130 (26 bytes)
1774876132.288585 sending message 105 to peer 0x561491801130 (233 bytes)
1774876132.288589 sending message 105 to peer 0x561491801130 (33 bytes)
1774876132.288591 sending message 105 to peer 0x561491801130 (23 bytes)
1774876132.288594 sending message 105 to peer 0x561491801130 (54 bytes)
1774876132.288598 sending message 105 to peer 0x561491801130 (31 bytes)
1774876132.288602 sending message 105 to peer 0x561491801130 (38 bytes)
1774876132.288605 sending message 105 to peer 0x561491801130 (23 bytes)
1774876132.288608 sending message 105 to peer 0x561491801130 (19 bytes)
1774876132.288611 sending message 105 to peer 0x561491801130 (18 bytes)
1774876132.288614 sending message 105 to peer 0x561491801130 (16 bytes)
1774876132.288617 sending message 106 to peer 0x561491801130 (0 bytes)
1774876132.288714 sending message 200 to peer 0x561491801130 (4 bytes)
1774876132.288718 client loop enter
1774876132.289376 peer 0x561491801130 message 303
1774876132.289394 open write file 2 -
1774876132.289426 sending message 305 to peer 0x561491801130 (8 bytes)
1774876132.289444 write check file 2
1774876132.289551 peer 0x561491801130 message 304
1774876132.289557 write 58 to file 2
1774876132.289564 peer 0x561491801130 message 203
1774876132.289570 file 2 58 bytes left
1774876132.289595 write check file 2
1774876132.289600 client loop exit
